========================================
Job ID:    7340174
Node:      w2111
Start:     Thu Mar 26 10:34:54 CST 2026
julia version 1.12.4
========================================
BLAS threads/扇区: 4  (Julia threads: 64)
============================================================
ED — 倾斜 (4×4-1) 团簇，30 sites，Np=10（填充 10/30 = 2/5）
t=1.0  t'=0.2  V1=1.0  V2=0.0  V3=0.0
Julia threads: 64  BLAS threads: 4
开始时间: 2026-03-26T10:34:56
============================================================
[1/5] 构建晶格... done  Ns=30  Nuc=15  (0.71 s)
[2/5] 生成基矢 C(30,10)=30045015... done  (2.49 s)
      内存估算: 240.4 MB
[3/5] 构建动量扇区（逐扇区计时）...
      注：每扇区需对 30045015 个 Fock 态做 15 次平移，是主要瓶颈
  k= 0 ( 1/15): dim=2003005  本扇区  64.8 s  累计  68.4 s
  k= 1 ( 2/15): dim=2003000  本扇区  71.5 s  累计 140.1 s
  k= 2 ( 3/15): dim=2003000  本扇区  74.6 s  累计 214.7 s
  k= 3 ( 4/15): dim=2003000  本扇区  83.3 s  累计 298.1 s
  k= 4 ( 5/15): dim=2003000  本扇区  84.5 s  累计 382.6 s
  k= 5 ( 6/15): dim=2003005  本扇区  84.2 s  累计 466.7 s
  k= 6 ( 7/15): dim=2003000  本扇区  82.6 s  累计 549.3 s
  k= 7 ( 8/15): dim=2003000  本扇区  84.3 s  累计 633.6 s
  k= 8 ( 9/15): dim=2003000  本扇区  80.7 s  累计 714.3 s
  k= 9 (10/15): dim=2003000  本扇区  79.0 s  累计 793.3 s
  k=10 (11/15): dim=2003005  本扇区  83.3 s  累计 876.6 s
  k=11 (12/15): dim=2003000  本扇区  81.8 s  累计 958.4 s
  k=12 (13/15): dim=2003000  本扇区  87.6 s  累计 1046.0 s
  k=13 (14/15): dim=2003000  本扇区  86.9 s  累计 1133.0 s
  k=14 (15/15): dim=2003000  本扇区  85.5 s  累计 1218.4 s
  总代表元: 30045015 / 30045015 ✓  扇区构造总耗时: 1214.9 s
  fock2rep 内存估算: 12618.9 MB

[4/5] 零通量能谱（多线程 Lanczos，krylovdim=200，64 线程）...
      各扇区 dim≈2003001，d预计每扇区需数分钟
      优化：对角势能元预计算，每次 H·v 省去 Ns×6 嵌套循环
    [k= 9] H·v # 20  均 282.019 s/次  Hv累计 5640.4 s
    [k=11] H·v # 20  均 284.793 s/次  Hv累计 5695.9 s
    [k= 1] H·v # 20  均 284.163 s/次  Hv累计 5683.3 s
    [k= 0] H·v # 20  均 282.729 s/次  Hv累计 5654.6 s
    [k=13] H·v # 20  均 285.556 s/次  Hv累计 5711.1 s
    [k=12] H·v # 20  均 288.037 s/次  Hv累计 5760.7 s
    [k=14] H·v # 20  均 297.070 s/次  Hv累计 5941.4 s
    [k= 6] H·v # 20  均 283.479 s/次  Hv累计 5669.6 s
    [k= 5] H·v # 20  均 289.005 s/次  Hv累计 5780.1 s
    [k= 7] H·v # 20  均 283.659 s/次  Hv累计 5673.2 s
    [k=10] H·v # 20  均 284.627 s/次  Hv累计 5692.5 s
    [k= 2] H·v # 20  均 286.490 s/次  Hv累计 5729.8 s
    [k= 3] H·v # 20  均 297.580 s/次  Hv累计 5951.6 s
    [k= 4] H·v # 20  均 296.518 s/次  Hv累计 5930.4 s
    [k= 8] H·v # 20  均 300.469 s/次  Hv累计 6009.4 s
    [k=11] H·v # 40  均 284.809 s/次  Hv累计 11392.4 s
    [k= 9] H·v # 40  均 280.872 s/次  Hv累计 11234.9 s
    [k= 6] H·v # 40  均 284.115 s/次  Hv累计 11364.6 s
    [k=10] H·v # 40  均 282.375 s/次  Hv累计 11295.0 s
    [k= 7] H·v # 40  均 281.130 s/次  Hv累计 11245.2 s
    [k= 5] H·v # 40  均 286.381 s/次  Hv累计 11455.2 s
    [k= 0] H·v # 40  均 284.021 s/次  Hv累计 11360.9 s
    [k= 1] H·v # 40  均 289.752 s/次  Hv累计 11590.1 s
    [k=13] H·v # 40  均 285.317 s/次  Hv累计 11412.7 s
    [k=14] H·v # 40  均 291.876 s/次  Hv累计 11675.1 s
    [k= 3] H·v # 40  均 293.606 s/次  Hv累计 11744.3 s
    [k=12] H·v # 40  均 293.034 s/次  Hv累计 11721.4 s
    [k= 8] H·v # 40  均 292.599 s/次  Hv累计 11703.9 s
    [k= 4] H·v # 40  均 290.725 s/次  Hv累计 11629.0 s
    [k= 2] H·v # 40  均 292.109 s/次  Hv累计 11684.3 s
    [k= 9] H·v # 60  均 279.627 s/次  Hv累计 16777.6 s
    [k=11] H·v # 60  均 284.571 s/次  Hv累计 17074.3 s
    [k= 7] H·v # 60  均 282.112 s/次  Hv累计 16926.7 s
    [k= 6] H·v # 60  均 283.406 s/次  Hv累计 17004.4 s
    [k=10] H·v # 60  均 282.066 s/次  Hv累计 16924.0 s
    [k= 5] H·v # 60  均 284.790 s/次  Hv累计 17087.4 s
    [k= 1] H·v # 60  均 286.955 s/次  Hv累计 17217.3 s
    [k= 0] H·v # 60  均 283.321 s/次  Hv累计 16999.2 s
    [k=13] H·v # 60  均 285.105 s/次  Hv累计 17106.3 s
    [k= 4] H·v # 60  均 288.207 s/次  Hv累计 17292.4 s
    [k= 8] H·v # 60  均 290.763 s/次  Hv累计 17445.8 s
    [k= 3] H·v # 60  均 290.733 s/次  Hv累计 17444.0 s
    [k=14] H·v # 60  均 294.287 s/次  Hv累计 17657.2 s
    [k= 2] H·v # 60  均 288.979 s/次  Hv累计 17338.8 s
    [k=12] H·v # 60  均 300.860 s/次  Hv累计 18051.6 s
